// Jest Snapshot v1, https://goo.gl/fbAQLP

exports[`buildModuleGraph should work 1`] = `
Array [
  Object {
    "exports": Object {
      "default": Object {
        "fields": Array [
          Object {
            "name": "id",
            "type": "GraphQLString",
          },
          Object {
            "name": "name",
            "type": "GraphQLString",
          },
          Object {
            "exports": Object {
              "default": Object {
                "fields": Array [
                  Object {
                    "name": "verified",
                    "type": "GraphQLBoolean",
                  },
                ],
                "name": "info",
                "type": "GraphQLObjectType",
              },
            },
            "id": 3,
            "imports": Array [
              Object {
                "name": "GraphQLObjectType",
                "source": "graphql",
              },
              Object {
                "name": "GraphQLBoolean",
                "source": "graphql",
              },
            ],
            "name": "generatedType3",
          },
        ],
        "type": "GraphQLObjectType",
      },
    },
    "id": 0,
    "imports": Array [
      Object {
        "name": "GraphQLObjectType",
        "source": "graphql",
      },
      Object {
        "name": "GraphQLString",
        "source": "graphql",
      },
      Object {
        "exports": Object {
          "default": Object {
            "fields": Array [
              Object {
                "name": "verified",
                "type": "GraphQLBoolean",
              },
            ],
            "name": "info",
            "type": "GraphQLObjectType",
          },
        },
        "id": 3,
        "imports": Array [
          Object {
            "name": "GraphQLObjectType",
            "source": "graphql",
          },
          Object {
            "name": "GraphQLBoolean",
            "source": "graphql",
          },
        ],
        "name": "generatedType3",
      },
    ],
    "name": "generatedType0",
  },
  Object {
    "exports": Object {
      "default": Object {
        "fields": Array [
          Object {
            "name": "verified",
            "type": "GraphQLBoolean",
          },
        ],
        "name": "info",
        "type": "GraphQLObjectType",
      },
    },
    "id": 3,
    "imports": Array [
      Object {
        "name": "GraphQLObjectType",
        "source": "graphql",
      },
      Object {
        "name": "GraphQLBoolean",
        "source": "graphql",
      },
    ],
    "name": "generatedType3",
  },
]
`;
